[9:01:48 AM] Room K3GKNY | model=google/gemma-4-26B-A4B-it | pattern=debate | run=0 | seats=Performance,Security,Availability,Usability,Maintainability
[9:01:48 AM] Spectate: http://localhost:3100/room/K3GKNY?spectate=1
[9:01:48 AM] 
— concern 1/10: User Interface
[9:01:53 AM]   ✍️  Performance [Performance] → "Native Mobile + Web"
[9:01:53 AM]   💬 Performance: Performance: proposing Native Mobile + Web.
[9:01:58 AM]   ✍️  Security [Security] → "Native Mobile + Web"
[9:01:58 AM]   💬 Security: Security: proposing Native Mobile + Web.
[9:02:03 AM]   ✍️  Availability [Availability] → "Responsive Web App"
[9:02:03 AM]   💬 Availability: Availability: proposing Responsive Web App.
[9:02:09 AM]   ✍️  Usability [Usability] → "Responsive Web App"
[9:02:09 AM]   💬 Usability: Usability: proposing Responsive Web App.
[9:02:14 AM]   ✍️  Maintainability [Maintainability] → "PC Web Pages"
[9:02:14 AM]   💬 Maintainability: Maintainability: proposing PC Web Pages.
[9:02:18 AM]   💬 Performance: I strongly advocate for c10-opt3. It delivers ++ Performance and ++ Usability, directly hitting the User's highest priorities. While I acknowledge the -- Maintainability risk, we must play to win. We can recover Maintainability in later architectural layers, but we cannot recover lost performance or usability once the foundation is set. Let's take the aggressive lead now to maximize our final scor
[9:02:23 AM]   💬 Security: I support c10-opt3 for the +1 Security boost and high Usability/Availability gains. However, the -- Maintainability impact is a massive red flag. If we drop below 0, we lose instantly. The Owner requires Maintainability 1. I concede to the Availability/Usability champions: let's take c10-opt2. It gives us +1 Availability and ++ Usability while only costing -1 Maintainability, keeping us in the gam
[9:02:27 AM]   💬 Availability: I strongly advocate for c10-opt3. It delivers ++ Availability, which is critical to meeting the Owner's priority of 2 immediately. While the -- Maintainability impact is severe, we must prioritize high-impact gains now. We can recover Maintainability in later decisions, but we can't "recover" the missed opportunity of ++ Availability and ++ Usability. Let's take the aggressive path to maximize our
[9:02:31 AM]   💬 Usability: I strongly advocate for c10-opt2. While c10-opt3 offers ++ Usability, its -- Maintainability impact is a massive risk; if we hit -1, we lose immediately and fail the Owner. c10-opt2 still delivers ++ Usability, meeting the User's priority of 2, while only incurring -1 Maintainability. This keeps us in the game and provides a balanced foundation for all stakeholders.
[9:02:35 AM]   💬 Maintainability: I must insist on caution. While Performance and Availability want to chase ++ gains, c10-opt3's -- impact on Maintainability is a massive liability. We only have one chance to recover that score. I concede to c10-opt2; it secures the User's Usability (++) and meets Availability needs, while the -1 Maintainability penalty is a manageable risk we can offset later. Let's choose c10-opt2.
[9:02:40 AM]   💬 Performance: I hear the concerns about Maintainability, but we are playing too defensively. c10-opt3 gives us ++ Performance and ++ Usability, which are the User's highest priorities (2 each). If we take c10-opt2, we settle for + Performance. However, I concede: if the team feels c10-opt2 is the only way to ensure we don't hit a Maintainability deficit we can't recover, let's take c10-opt2.
[9:02:44 AM]   💬 Security: I strongly support the pivot to c10-opt2. While c10-opt3 offers a +1 Security boost, the -- Maintainability impact is a catastrophic risk to our survival. We cannot risk hitting a negative score or failing the Owner's priority of 1 so early. c10-opt2 provides ++ Usability and + Availability, satisfying major stakeholder needs while keeping Maintainability at a recoverable -1. Let's choose c10-opt2
[9:02:49 AM]   💬 Availability: I strongly advocate for c10-opt3 because it delivers ++ Availability, hitting the Owner's priority of 2 immediately. However, I hear the Maintainability concerns. A -- impact puts us at -2, making it nearly impossible to reach the Owner's priority of 1 later. To ensure we don't lose outright, I concede to c10-opt2. It secures + Availability and ++ Usability while keeping Maintainability at a manag
[9:02:53 AM]   💬 Usability: I strongly advocate for c10-opt2. It delivers the ++ Usability needed to satisfy the User's priority of 2 immediately. While c10-opt3 offers more, its -- Maintainability impact is a catastrophic risk that could trigger an instant loss or fail the Owner's priority of 1. c10-opt2 is the optimal balance: it secures high Usability and Availability while keeping our Maintainability deficit manageable.
[9:02:57 AM]   💬 Maintainability: I concede to c10-opt2. While c10-opt1 is the safest for Maintainability, c10-opt2 provides the ++ Usability the User demands while only incurring a -1 penalty. We cannot risk c10-opt3's -- impact; a -2 score makes meeting the Owner's Maintainability priority of 1 nearly impossible. c10-opt2 is the most pragmatic path to satisfy Usability and Availability without jeopardizing our survival.
[9:03:04 AM]   ✅ group decision: "Responsive Web App"
[9:03:04 AM] 
— concern 2/10: Advertisement Hosting
[9:03:09 AM]   ✍️  Performance [Performance] → "Host Internally"
[9:03:09 AM]   💬 Performance: Performance: proposing Host Internally.
[9:03:14 AM]   ✍️  Security [Security] → "Hybrid Approach"
[9:03:14 AM]   💬 Security: Security: proposing Hybrid Approach.
[9:03:19 AM]   ✍️  Availability [Availability] → "Hybrid Approach"
[9:03:19 AM]   💬 Availability: Availability: proposing Hybrid Approach.
[9:03:24 AM]   ✍️  Usability [Usability] → "Hybrid Approach"
[9:03:24 AM]   💬 Usability: Usability: proposing Hybrid Approach.
[9:03:30 AM]   ✍️  Maintainability [Maintainability] → "3rd Party Ad Platform"
[9:03:30 AM]   💬 Maintainability: Maintainability: proposing 3rd Party Ad Platform.
[9:03:34 AM]   💬 Performance: I cannot support c9-opt2; a -1 Performance hit puts us at -1, causing an immediate loss. While I'd prefer c9-opt1 for the +1 Performance boost, the Maintainability penalty would drop us to -2, also causing a loss. We must choose c9-opt3. It protects our Performance at 0 and avoids the Maintainability death spiral, while actually helping Usability and Security.
[9:03:38 AM]   💬 Security: I strongly support the Hybrid Approach (c9-opt3). It provides a +1 Security boost, which is vital for protecting user data. Most importantly, it is the only option that avoids a catastrophic loss: c9-opt1 would drop Maintainability to -2, and c9-opt2 would drop Performance to -1. c9-opt3 keeps all attributes non-negative and simultaneously improves Security and Usability. Let's choose c9-opt3 to e
[9:03:42 AM]   💬 Availability: I agree with the consensus on c9-opt3 (Hybrid Approach). While it doesn't directly boost Availability, it is the only path that prevents a total system failure. c9-opt1 and c9-opt2 both trigger immediate losses by pushing Maintainability or Performance into the negatives. By choosing c9-opt3, we maintain stability, satisfy all current stakeholder priorities, and build a buffer in Security and Usab
[9:03:47 AM]   💬 Usability: I fully support the consensus on c9-opt3 (Hybrid Approach). As Usability Champion, this is the only choice that actively improves our Usability score (+1), bringing us closer to exceeding the User's priority of 2. More importantly, it is the only safe path; c9-opt1 and c9-opt2 both trigger an immediate loss by pushing Maintainability or Performance into the negatives. Let's lock in c9-opt3.
[9:03:51 AM]   💬 Maintainability: I must concede to the group. While I initially advocated for c9-opt2 to recover our Maintainability score, we cannot ignore that c9-opt2 triggers an immediate loss by dropping Performance to -1. Since c9-opt1 also drops Maintainability to -2, the Hybrid Approach (c9-opt3) is our only viable path. It stabilizes our current scores and avoids a catastrophic failure. Let's lock in c9-opt3.
[9:03:55 AM]   💬 Performance: I concede to the group. While I fought for c9-opt1 to secure a +1 Performance boost, we cannot ignore the math: c9-opt1 drops Maintainability to -2, and c9-opt2 drops Performance to -1. Both result in an instant loss. c9-opt3 is our only viable path; it maintains Performance at 0 and avoids the Maintainability death spiral. Let's lock in c9-opt3.
[9:03:59 AM]   💬 Security: I strongly endorse the consensus on c9-opt3 (Hybrid Approach). My priority is protecting the system from vulnerabilities, and this is the only option that provides a Security +1 boost while simultaneously improving Usability. Crucially, it is the only mathematically viable path; c9-opt1 and c9-opt2 both trigger an immediate loss by pushing Maintainability or Performance into negative territory. Le
[9:04:03 AM]   💬 Availability: I concur with the consensus. While c9-opt3 doesn't provide a direct Availability boost, it is the only choice that prevents an immediate loss. c9-opt1 would crash our Maintainability to -2, and c9-opt2 would tank Performance to -1. By selecting the Hybrid Approach, we protect our current stability and satisfy all stakeholder thresholds without risking a catastrophic failure. Let's lock in c9-opt3.
[9:04:08 AM]   💬 Usability: I fully endorse c9-opt3. As Usability Champion, I must point out that it is the only option that provides a +1 boost to Usability, helping us reach the User's priority of 2. More importantly, it is the only mathematically safe choice; c9-opt1 and c9-opt2 both trigger an immediate loss by pushing Maintainability or Performance into the negatives. Let's lock in the Hybrid Approach.
[9:04:12 AM]   💬 Maintainability: I must concede. My primary goal was to use c9-opt2 to bring Maintainability back to 0, but the math is unforgiving: c9-opt2 triggers an immediate loss by dropping Performance to -1. Since c9-opt1 drops Maintainability to -2, we have no choice. The Hybrid Approach (c9-opt3) is the only mathematically viable path that keeps all attributes non-negative. Let's lock in c9-opt3.
[9:04:19 AM]   ✅ group decision: "Hybrid Approach"
[9:04:19 AM] 
— concern 3/10: Account Data Protection
[9:04:24 AM]   ✍️  Performance [Performance] → "Email-Based Recovery"
[9:04:24 AM]   💬 Performance: Performance: proposing Email-Based Recovery.
[9:04:29 AM]   ✍️  Security [Security] → "Email-Based Recovery"
[9:04:29 AM]   💬 Security: Security: proposing Email-Based Recovery.
[9:04:35 AM]   ✍️  Availability [Availability] → "Email-Based Recovery"
[9:04:35 AM]   💬 Availability: Availability: proposing Email-Based Recovery.
[9:04:40 AM]   ✍️  Usability [Usability] → "Email-Based Recovery"
[9:04:40 AM]   💬 Usability: Usability: proposing Email-Based Recovery.
[9:04:45 AM]   ✍️  Maintainability [Maintainability] → "Email-Based Recovery"
[9:04:45 AM]   💬 Maintainability: Maintainability: proposing Email-Based Recovery.
[9:04:49 AM]   💬 Performance: I agree with the consensus. While my primary focus is Performance, I must prioritize system stability. Option c8-opt2 is a non-starter; a -- to Maintainability would leave us at -3, risking an immediate loss. Option c8-opt3 is the superior architectural choice, providing a +1 to Security and Usability while actually recovering our Maintainability buffer. It is the only path to satisfying all stake
[9:04:53 AM]   💬 Security: I strongly advocate for c8-opt3. While c8-opt2 offers the highest Security ++, the -- impact on Maintainability is a catastrophic risk to our viability. We cannot risk a loss. c8-opt1 is unacceptable as it actively degrades Security (-). c8-opt3 is the only professional choice: it provides a necessary Security + boost to satisfy the User while simultaneously repairing our Maintainability deficit.
[9:04:57 AM]   💬 Availability: I concur with the consensus. My priority is protecting Availability, but we cannot achieve it if the system becomes unmaintainable and collapses. Option c8-opt2 is a catastrophic risk to our Maintainability buffer, which could lead to an immediate loss. Option c8-opt3 is the only choice that builds a positive trajectory across all metrics, securing our stability and satisfying every stakeholder's 
[9:05:01 AM]   💬 Usability: I strongly support the consensus on c8-opt3. While c8-opt2 offers superior security, the -1 to Usability and the catastrophic -- to Maintainability are unacceptable risks. We are already at -1 Maintainability; we cannot afford to drop to -3. Option c8-opt3 is the only choice that improves Usability (+1) to help us meet the User's priority of 2 while simultaneously repairing our Maintainability def
[9:05:06 AM]   💬 Maintainability: I fully endorse the consensus on c8-opt3. Our Maintainability is currently at -1 due to the UI decision; choosing c8-opt1 or c8-opt2 would push us into a deficit or near-zero, risking an immediate loss. c8-opt3 is the only viable path as it provides a +1 boost, repairing our buffer and ensuring we satisfy the Owner's priority while meeting all other stakeholder requirements.
[9:05:10 AM]   💬 Performance: I concur with the team. While I prioritize high-performance throughput, the catastrophic -- impact of c8-opt2 on Maintainability is a non-starter; it risks an immediate loss. Option c8-opt3 is the only architecturally sound choice. It provides the necessary Security + and Usability + boosts while crucially repairing our Maintainability deficit (+1). We must choose c8-opt3 to ensure long-term syste
[9:05:14 AM]   💬 Security: The consensus is overwhelming and correct. While I initially desire the ++ from 2FA, the -- impact on Maintainability is a catastrophic risk that would trigger an immediate loss. Option c8-opt1 is a security failure. c8-opt3 is the only professional choice; it provides the necessary Security + to protect users while repairing our Maintainability deficit and boosting Usability. I move we select c8-
[9:05:17 AM]   💬 Availability: I concur with the overwhelming consensus. While my focus is Availability, a system that is unmaintainable is inherently unavailable due to the inability to deploy fixes. Option c8-opt2 is a catastrophic risk to our Maintainability buffer, which could trigger an immediate loss. Option c8-opt3 is the only choice that builds a positive trajectory across all metrics, securing our stability and satisfy
[9:05:22 AM]   💬 Usability: I strongly advocate for c8-opt3. My priority is reaching a Usability score of 2. Option c8-opt2 is a disaster; it drops Usability to 1 and tanks Maintainability to -3, causing an immediate loss. Option c8-opt1 is too risky for Security. c8-opt3 is the only choice that improves Usability (+1), repairing our current deficit and ensuring we satisfy all stakeholder priorities safely.
[9:05:26 AM]   💬 Maintainability: The consensus is absolute and correct. We are currently sitting at -1 Maintainability; selecting opt1 or opt2 would be architectural suicide, pushing us to -2 or -3 and triggering an immediate loss. Option c8-opt3 is our only lifeline. It is the only choice that provides a +1 to Maintainability, repairing our deficit while simultaneously satisfying Security and Usability requirements. I move we se
[9:05:32 AM]   ✅ group decision: "Email-Based Recovery"
[9:05:32 AM] 
— concern 4/10: Sensitive Data Storage
[9:05:37 AM]   ✍️  Performance [Performance] → "Multiple Distributed Databases"
[9:05:37 AM]   💬 Performance: Performance: proposing Multiple Distributed Databases.
[9:05:42 AM]   ✍️  Security [Security] → "Multiple Distributed Databases"
[9:05:42 AM]   💬 Security: Security: proposing Multiple Distributed Databases.
[9:05:48 AM]   ✍️  Availability [Availability] → "Multiple Distributed Databases"
[9:05:48 AM]   💬 Availability: Availability: proposing Multiple Distributed Databases.
[9:05:53 AM]   ✍️  Usability [Usability] → "Multiple Distributed Databases"
[9:05:53 AM]   💬 Usability: Usability: proposing Multiple Distributed Databases.
[9:05:59 AM]   ✍️  Maintainability [Maintainability] → "Cloud Storage"
[9:05:59 AM]   💬 Maintainability: Maintainability: proposing Cloud Storage.
[9:06:03 AM]   💬 Performance: I strongly advocate for c3-opt1. c3-opt2 is a non-starter; its -- Security impact drops us to 0, failing the User's priority of 1. We cannot risk an outright loss for Maintainability. c3-opt1 delivers the +1 Performance boost I need for the User (priority 2) and maintains Availability (+1) for the Owner, while keeping Security at +1, which satisfies all requirements.
[9:06:07 AM]   💬 Security: I cannot concede to c3-opt2. A -- Security impact drops our score to 0, failing the User's priority of 1 and leaving zero margin for error. While c3-opt1's -1 Security hit is not ideal, it keeps us at +1, satisfying the User. It also secures the +1 Performance and +1 Availability needed to meet stakeholder priorities. We must choose c3-opt1 to ensure survival.
[9:06:12 AM]   💬 Availability: I support c3-opt1. We cannot risk c3-opt2; dropping Security to 0 fails the User's priority of 1 and risks an immediate loss. c3-opt3 is a non-starter as its -1 Availability hit would drop us to 1, failing the Owner's priority of 2. c3-opt1 is our only viable path: it secures the +1 Availability boost we need and maintains a safe Security margin.
[9:06:16 AM]   💬 Usability: I agree with the Security and Availability experts. We cannot select c3-opt2; a Security score of 0 fails the User's priority of 1, causing an immediate loss. While c3-opt1 incurs a -1 Maintainability hit, it is the only choice that secures the Performance + and Availability + boosts required to satisfy both stakeholders while keeping Security at +1. Let's lock in c3-opt1.
[9:06:20 AM]   💬 Maintainability: I must concede to c3-opt1. While I strongly advocated for c3-opt2's ++ Maintainability to offset our earlier deficit, the Security risk is a hard blocker. Dropping Security to 0 fails the User's priority of 1, causing an immediate loss. c3-opt1 is a bitter pill with its -1 Maintainability, but it is the only choice that preserves our viability and meets all stakeholder minimums.
[9:06:24 AM]   💬 Performance: I concur with the consensus. We must prioritize survival; c3-opt2 is a mathematical failure because it drops Security to 0, violating the User's priority of 1. c3-opt1 is the only viable path. It delivers the +1 Performance boost I demand to meet the User's priority 2, while keeping Security at +1 and Availability at +2. Let's lock in c3-opt1 to ensure we meet all stakeholder minimums.
[9:06:28 AM]   💬 Security: I must stand firm: c3-opt2 is a mathematical failure. A -- Security impact drops our score to 0, which is below the User's priority of 1. We would lose immediately. While c3-opt1 incurs a -1 Security hit, it keeps us at +1, satisfying the User. It is the only option that ensures survival while supporting Performance and Availability. I move to lock in c3-opt1.
[9:06:33 AM]   💬 Availability: I agree with the consensus. We cannot touch c3-opt2; dropping Security to 0 fails the User's priority of 1 and results in an immediate loss. c3-opt3 is also disqualified as its -1 Availability hit drops us to 1, failing the Owner's priority of 2. c3-opt1 is our only path to survival, securing the +1 Availability boost we need to reach a score of 2.
[9:06:37 AM]   💬 Usability: I concur with the consensus. While I prefer options that bolster the user experience, c3-opt2 is a non-starter; a Security score of 0 fails the User's priority of 1, triggering an immediate loss. c3-opt1 is our only viable path. It secures the +1 Performance boost the User needs and provides the +1 Availability the Owner requires, while keeping Security at a safe +1. Let's lock in c3-opt1.
[9:06:42 AM]   💬 Maintainability: I must concede. My preferred choice, c3-opt2, offers a ++ Maintainability boost that would stabilize our architecture, but the -- Security impact is a fatal error. It drops Security to 0, failing the User's priority of 1 and causing an immediate loss. c3-opt1 is the only viable compromise; it keeps us alive, satisfies the Owner's Availability needs, and meets the User's Security minimum. Let's loc
[9:06:48 AM]   ✅ group decision: "Multiple Distributed Databases"
[9:06:48 AM]   ⚡ event: Fire! — If you selected a "single local database" as design option for any of the concerns, those decisions need to be revised. For future decisions, this option is no longer available.
[9:06:48 AM]   (no locked-in decision was banned by the event)
[9:06:48 AM] 
— concern 5/10: Operational Data Storage
[9:06:53 AM]   ✍️  Performance [Performance] → "Multiple Distributed Databases"
[9:06:53 AM]   💬 Performance: Performance: proposing Multiple Distributed Databases.
[9:06:59 AM]   ✍️  Security [Security] → "Multiple Distributed Databases"
[9:06:59 AM]   💬 Security: Security: proposing Multiple Distributed Databases.
[9:07:04 AM]   ✍️  Availability [Availability] → "Multiple Distributed Databases"
[9:07:04 AM]   💬 Availability: Availability: proposing Multiple Distributed Databases.
[9:07:09 AM]   ✍️  Usability [Usability] → "Multiple Distributed Databases"
[9:07:09 AM]   💬 Usability: Usability: proposing Multiple Distributed Databases.
[9:07:15 AM]   ✍️  Maintainability [Maintainability] → "Cloud Storage"
[9:07:15 AM]   💬 Maintainability: Maintainability: proposing Cloud Storage.
[9:07:19 AM]   💬 Performance: I must concede to the Maintainability Champion. Our current Maintainability is at -2; choosing c2-opt1 would drop us to -3, causing an immediate loss. While I favor c2-opt1 for the Performance + and Security + boost, we cannot ignore the hard floor. c2-opt2 is our only viable path to stabilize Maintainability to 0 and satisfy the Owner's priority of 1, despite the Security risk.
[9:07:23 AM]   💬 Security: I must strongly protest. We are flirting with disaster. Our current Security score is +1. If we choose c2-opt2 (Cloud Storage), we take a -1 hit, dropping Security to 0. While technically not a loss, it leaves zero margin for error and fails to exceed the User's priority of 1. However, I cannot ignore that c2-opt1 drops Maintainability to -3. We must choose c2-opt2 to survive.
[9:07:27 AM]   💬 Availability: I must concede to the Maintainability Champion. While c2-opt1 is my ideal choice to bolster Availability (+1) and reach the Owner's priority of 2, we cannot ignore the -3 Maintainability death spiral. We must choose c2-opt2 (Cloud Storage). It secures an Availability + and a critical Maintainability ++ to stabilize our scores, even if it leaves Security at 0. We must survive first.
[9:07:31 AM]   💬 Usability: I must concede to the Maintainability Champion. While I prefer c2-opt1 to bolster Security and ensure a buffer for User trust, we cannot ignore the -3 Maintainability deficit. A loss is a loss. We must choose c2-opt2 (Cloud Storage) to bring Maintainability to 0 and satisfy the Owner's priority. It leaves Security at 0, which is risky, but it is our only path to survival.
[9:07:36 AM]   💬 Maintainability: I must stand firm. We are currently at -2 for Maintainability. Choosing c2-opt1 would drop us to -3, which is an immediate, catastrophic loss regardless of other scores. While I hear the Security concerns, c2-opt2 is our only mathematical lifeline to reach 0 and satisfy the Owner's priority of 1. We must choose Cloud Storage (c2-opt2) to stay in the game.
[9:07:40 AM]   💬 Performance: I concede. My priority is Performance, and while c2-opt1 offers a +1 boost, we cannot ignore the math. Choosing c2-opt1 results in Maintainability -3, which is an instant loss. We must prioritize survival. c2-opt2 is the only viable option to bring Maintainability from -2 to 0, satisfying the Owner's priority of 1 and keeping us in the game, despite the Security risk.
[9:07:44 AM]   💬 Security: I am forced to concede. My primary duty is to prevent a negative score, and while c2-opt2 drops Security to 0, it is the only path that prevents a catastrophic Maintainability score of -3. We cannot satisfy the User's Security priority of 1 with a score of 0, but we cannot play the game at all if Maintainability is negative. We must choose c2-opt2 to survive.
[9:07:48 AM]   💬 Availability: I must concede. My goal is to push Availability to ++, and while c2-opt1 provides a +1 boost, we cannot ignore the Maintainability -3 death spiral. We must prioritize survival. Choosing c2-opt2 (Cloud Storage) secures an Availability + and, crucially, a Maintainability ++ to bring us back to 0. We sacrifice the Security buffer to ensure we don't lose the game immediately.
[9:07:52 AM]   💬 Usability: I must concede. While c2-opt2 leaves Security at 0—failing the User's priority of 1—it is the only option that prevents an immediate loss from Maintainability hitting -3. We cannot provide a usable system if the architecture is fundamentally unmaintainable. We must choose c2-opt2 (Cloud Storage) to stabilize the system and stay in the game, then focus on recovering Security in future decisions.
[9:07:56 AM]   💬 Maintainability: I hear your concerns regarding Security, but we cannot ignore the math. With Maintainability currently at -2, choosing c2-opt1 results in -3, which is an immediate, catastrophic loss. c2-opt2 is our only lifeline; it provides a ++ boost to bring Maintainability to 0 and satisfies the Owner's priority of 1. We must choose Cloud Storage (c2-opt2) to survive and stay in the game.
[9:08:03 AM]   ✅ group decision: "Cloud Storage"
[9:08:03 AM] 
— concern 6/10: Data Encryption
[9:08:08 AM]   ✍️  Performance [Performance] → "Encryption for Transmission Only"
[9:08:08 AM]   💬 Performance: Performance: proposing Encryption for Transmission Only.
[9:08:13 AM]   ✍️  Security [Security] → "Encryption for Transmission Only"
[9:08:13 AM]   💬 Security: Security: proposing Encryption for Transmission Only.
[9:08:19 AM]   ✍️  Availability [Availability] → "Encryption for Transmission Only"
[9:08:19 AM]   💬 Availability: Availability: proposing Encryption for Transmission Only.
[9:08:25 AM]   ✍️  Usability [Usability] → "Encryption for Transmission Only"
[9:08:25 AM]   💬 Usability: Usability: proposing Encryption for Transmission Only.
[9:08:30 AM]   ✍️  Maintainability [Maintainability] → "Encryption for Transmission Only"
[9:08:30 AM]   💬 Maintainability: Maintainability: proposing Encryption for Transmission Only.
[9:08:35 AM]   💬 Performance: I must concede to the Security and Availability champions: we cannot pick c21-opt1; a -3 Security score is an instant loss. However, c21-opt2's -- impact on Performance is unacceptable, as it would drop our current +2 to 0, failing the User's priority of 2. I support c21-opt3. The -1 Performance hit is a manageable compromise to stabilize Security at 0 and keep us in the game.
[9:08:39 AM]   💬 Security: I agree with the consensus on c21-opt3. We are in a precarious position: our current Security score is -1, meaning any further negative impact results in an immediate loss. Option 1 is a non-starter. While Full Encryption is my ideal, the -- hit to Performance would drop us to 0, failing the User's priority of 2. Option 3 stabilizes Security at 0 while keeping Performance viable.
[9:08:43 AM]   💬 Availability: I concur with the consensus on c21-opt3. Our current Security score is -1; choosing c21-opt1 is an immediate loss. While c21-opt2 is more secure, the -- Performance hit drops us to 0, failing the User's priority of 2. Option 3 is the only path that stabilizes Security at 0 and keeps Performance at +1, protecting our viability while minimizing risks. Let's lock in c21-opt3.
[9:08:47 AM]   💬 Usability: I concur with the consensus on c21-opt3. My priority is ensuring Performance stays at or above 2 to satisfy the User. Option c21-opt2 would drop Performance to 0, causing an immediate loss. Option c21-opt3 is the only viable path: it stabilizes our critical Security deficit to 0 while keeping Performance at +1. We must take this compromise to avoid a total system failure.
[9:08:52 AM]   💬 Maintainability: I concede to the consensus. While I prefer simplicity, we are currently facing an existential threat: our Security score is -1. Option 1 is a guaranteed loss. Option 2's -- impact on Performance would drop us to 0, failing the User's priority of 2. Option 3 is our only path to stabilize Security at 0 and maintain a viable Performance score. Let's lock in c21-opt3.
[9:08:56 AM]   💬 Performance: I concur with the consensus. We are currently at Performance +2, which is the bare minimum to satisfy the User's priority. Option c21-opt2 would drop us to 0, causing an immediate loss. Option c21-opt3 is our only viable path; it stabilizes our critical Security deficit to 0 while keeping Performance at +1. While I dislike the -1 hit, it is a necessary compromise to stay in the game.
[9:09:01 AM]   💬 Security: I must concede to the Performance and Availability champions. While my goal is maximum protection, we are currently at -1 Security; choosing c21-opt1 is an immediate loss. However, c21-opt2 would drop Performance to 0, failing the User's priority of 2 and causing a loss. c21-opt3 is our only viable path: it stabilizes Security to 0 and keeps Performance at +1. Let's lock in c21-opt3.
[9:09:05 AM]   💬 Availability: I concur with the consensus. Our current Security score is -1; choosing c21-opt1 is an immediate loss. While c21-opt2 is more secure, the -- Performance penalty drops Performance to 0, failing the User's priority of 2. Option c21-opt3 is the only path that stabilizes Security to 0 and keeps Performance at +1, ensuring we satisfy all stakeholder minimums and avoid an outright loss. Let's lock in c2
[9:09:10 AM]   💬 Usability: I concur with the consensus on c21-opt3. My priority is maintaining Performance at 2 for the User. Option c21-opt2 would drop Performance to 0, causing an immediate loss. Option c21-opt3 is our only viable path: it stabilizes our critical Security deficit to 0 while keeping Performance at +1. While we fall slightly short of the User's Performance priority, it is the only way to avoid a total failu
[9:09:14 AM]   💬 Maintainability: I concede to the consensus. While I prefer simplicity, we are facing an existential threat: Security is at -1. Option 1 is an immediate loss. Option 2's -- impact on Performance drops us to 0, failing the User's priority of 2. Option 3 is our only path to stabilize Security to 0 and keep Performance at +1. It is the only viable compromise to avoid total failure.
[9:09:20 AM]   ✅ group decision: "Encryption for Transmission Only"
[9:09:20 AM] 
— concern 7/10: Anonymous Usage
[9:09:26 AM]   ✍️  Performance [Performance] → "Anonymous Guest Accounts"
[9:09:26 AM]   💬 Performance: Performance: proposing Anonymous Guest Accounts.
[9:09:31 AM]   ✍️  Security [Security] → "Anonymous Guest Accounts"
[9:09:31 AM]   💬 Security: Security: proposing Anonymous Guest Accounts.
[9:09:37 AM]   ✍️  Availability [Availability] → "Anonymous Guest Accounts"
[9:09:37 AM]   💬 Availability: Availability: proposing Anonymous Guest Accounts.
[9:09:42 AM]   ✍️  Usability [Usability] → "Anonymous Guest Accounts"
[9:09:42 AM]   💬 Usability: Usability: proposing Anonymous Guest Accounts.
[9:09:48 AM]   ✍️  Maintainability [Maintainability] → "Anonymous Guest Accounts"
[9:09:48 AM]   💬 Maintainability: Maintainability: proposing Anonymous Guest Accounts.
[9:09:52 AM]   💬 Performance: I agree with all specialists. Our Performance score is currently 0 (Decisions 4, 5, 6). If we choose c5-opt1 or c5-opt2, Performance hits -1, and we lose immediately. We have zero margin for error. c5-opt3 is the only viable path; it maintains our Performance at 0 while providing the necessary boosts to Usability and Maintainability to keep us in the game. Choose c5-opt3.
[9:09:57 AM]   💬 Security: I concur with the team. While c5-opt1 offers the maximum Security boost (++), our current Performance score is at 0. Choosing either c5-opt1 or c5-opt2 would drop Performance to -1, causing an immediate loss. We must prioritize survival. c5-opt3 is the only responsible choice; it provides a necessary Security (+) boost and improves Maintainability (+) without risking a performance-related failure.
[9:10:01 AM]   💬 Availability: I concur. Our current Availability is +3, which is healthy, but we cannot ignore the existential threat to Performance. With Performance sitting at 0, choosing c5-opt1 or c5-opt2 triggers an immediate loss. We must prioritize system viability. c5-opt3 is the only choice that keeps Performance at 0 while providing the Security (+) and Maintainability (+) boosts needed to stabilize our architecture.
[9:10:05 AM]   💬 Usability: I fully support c5-opt3. As Usability Champion, I must point out that c5-opt3 offers the maximum Usability boost (++) of all options. While c5-opt1 and c5-opt2 would satisfy security needs, their Performance penalty (-) would trigger an immediate loss for the User. c5-opt3 is the only choice that maximizes usability while keeping our Performance at the critical 0 threshold. Let's go with c5-opt3.
[9:10:09 AM]   💬 Maintainability: I concur with the entire team. Our Maintainability score is currently at -2 from Decisions 1 and 4. Selecting c5-opt2 would drop us to -3, triggering an immediate loss. c5-opt3 is the only option that provides a +1 boost to Maintainability, helping us recover from our technical debt while avoiding the fatal Performance penalty of the other choices. We must choose c5-opt3.
[9:10:14 AM]   💬 Performance: I cannot concede. Our current Performance score is exactly 0 (Decisions 4, 5, 6). If we select c5-opt1 or c5-opt2, we hit -1 and lose the game instantly. I must insist on c5-opt3. It is the only option that preserves our zero-margin Performance while simultaneously repairing our deficit in Maintainability and maximizing Usability. We must choose c5-opt3 to survive.
[9:10:18 AM]   💬 Security: I concur with the team's assessment. While Onion Routing (c5-opt1) offers the superior ++ Security boost I desire, we cannot ignore the existential threat to Performance. Our current Performance score is 0; selecting c5-opt1 or c5-opt2 results in an immediate loss. We must prioritize survival. c5-opt3 is the only viable choice, providing a necessary Security (+) boost while stabilizing our Maintai
[9:10:22 AM]   💬 Availability: I concur with the entire team. While my priority is Availability (+3), we cannot ignore the existential threat to Performance. Our current Performance score is 0; selecting c5-opt1 or c5-opt2 results in an immediate loss. We must prioritize survival. c5-opt3 is the only choice that keeps Performance at 0 while providing the Security (+) and Maintainability (+) boosts needed to stabilize our archit
[9:10:27 AM]   💬 Usability: I second the consensus. As Usability Champion, c5-opt3 is my absolute priority because it offers a ++ boost, the highest available. More importantly, the Performance penalty in c5-opt1 and c5-opt2 would drop our score to -1, causing an immediate loss and failing the User. c5-opt3 is the only path that maximizes usability while ensuring we don't violate the zero-margin Performance threshold. Choose
[9:10:31 AM]   💬 Maintainability: I concur with the unanimous consensus. Our Maintainability score is currently at -2, which is dangerously low. Choosing c5-opt2 would drop us to -3, causing an immediate loss. c5-opt3 is the only option that provides a +1 boost to Maintainability, helping us recover from technical debt while avoiding the fatal Performance penalty that would fail the User. We must choose c5-opt3 to survive.
[9:10:36 AM]   ✅ group decision: "Anonymous Guest Accounts"
[9:10:36 AM] 
— concern 8/10: E-Payment System
[9:10:42 AM]   ✍️  Performance [Performance] → "Outsource E-Payment"
[9:10:42 AM]   💬 Performance: Performance: proposing Outsource E-Payment.
[9:10:47 AM]   ✍️  Security [Security] → "Bank Website Transfer"
[9:10:47 AM]   💬 Security: Security: proposing Bank Website Transfer.
[9:10:53 AM]   ✍️  Availability [Availability] → "Outsource E-Payment"
[9:10:53 AM]   💬 Availability: Availability: proposing Outsource E-Payment.
[9:11:00 AM]   ✍️  Usability [Usability] → "Integrate Open Source E-Payment"
[9:11:00 AM]   💬 Usability: Usability: proposing Integrate Open Source E-Payment.
[9:11:05 AM]   ✍️  Maintainability [Maintainability] → "Bank Website Transfer"
[9:11:05 AM]   💬 Maintainability: Maintainability: proposing Bank Website Transfer.
[9:11:10 AM]   💬 Performance: I must veto c4-opt2; a -- to Maintainability when we are at 0 is a guaranteed loss. I also concede to the Security Champion on c4-opt3: while c4-opt1 is better for latency, we are sitting at 0 Security. We cannot afford another -1. c4-opt3 is our only safe path—it provides +1 Security and ++ Maintainability, ensuring we don't fail the Owner or lose the game.
[9:11:15 AM]   💬 Security: I strongly advocate for c4-opt3. Our current Security score is 0 (Decisions 2,3,7 [+3] minus 4,5,6 [-3]). Choosing c4-opt1 or c4-opt2 would risk a negative score or a Maintainability collapse. c4-opt3 provides +1 Security and ++ Maintainability, securing our baseline and satisfying the Owner. While Usability takes a -2 hit, our current Usability score is +3, keeping us well above the User's priori
[9:11:19 AM]   💬 Availability: I agree with Security and Maintainability. We cannot risk a Maintainability collapse with c4-opt2, and c4-opt1's Security penalty is too dangerous given our current 0 score. While c4-opt3 hits Usability, our current Usability score is +3, so we can absorb the -2. c4-opt3 is the only choice that stabilizes our Security and Maintainability while protecting our overall system viability. Let's go with
[9:11:24 AM]   💬 Usability: I strongly protest c4-opt3. A -2 Usability hit drops us from +3 to +1, failing the User's priority of 2. We would lose immediately. c4-opt2 is a Maintainability suicide mission, and c4-opt1 risks a Security collapse. We must choose c4-opt2 only if we can find Maintainability elsewhere, but under current constraints, c4-opt1 is the only way to keep Usability at +3 and Security at 0.
[9:11:29 AM]   💬 Maintainability: Usability is right: we cannot pick c4-opt3 because dropping Usability to +1 fails the User's priority of 2. However, c4-opt2 is a non-starter; a -- hit to our current 0 Maintainability is an instant loss. We must choose c4-opt1. It keeps Maintainability at +1 and Usability at +3. While Security hits 0, it satisfies all stakeholder minimums without an immediate failure.
[9:11:33 AM]   💬 Performance: I concede to the Maintainability and Usability arguments. We cannot pick c4-opt2 (instant loss) or c4-opt3 (fails User priority). While c4-opt1 carries a Security -1, our current score is 0, meaning we hit 0 exactly. This satisfies the Security priority (0) and the User's Usability (3) and Performance (2) needs. c4-opt1 is our only viable path to avoid an immediate loss.
[9:11:38 AM]   💬 Security: I must concede. My priority was to boost our precarious 0 Security score, but c4-opt1 is the only mathematically viable path. c4-opt2 causes an instant Maintainability loss, and c4-opt3 fails the User's Usability priority. By choosing c4-opt1, we hit 0 Security—satisfying all stakeholder minimums—while protecting Usability and Maintainability. It is a risky compromise, but it is the only option th
[9:11:43 AM]   💬 Availability: I concede to the group's mathematical reality. While I prefer c4-opt1 to offload uptime risks, we must prioritize survival. c4-opt2 causes an immediate Maintainability loss (-1), and c4-opt3 fails the User's Usability priority (dropping us to 1, below the required 2). c4-opt1 is the only path that keeps all attributes at or above zero and satisfies all stakeholder minimums. Let's lock in c4-opt1.
[9:11:48 AM]   💬 Usability: I reluctantly concede. My primary goal was to keep Usability at +3, but the math is undeniable. c4-opt2 causes an instant Maintainability loss (-1), and c4-opt3 drops Usability to +1, failing the User's priority of 2. c4-opt1 is our only survival path; it keeps Usability at +3 and hits Security exactly at 0. It is a razor-thin margin, but it satisfies all minimums. Let's lock c4-opt1.
[9:11:52 AM]   💬 Maintainability: I concede to the mathematical reality. My priority is preventing a Maintainability collapse, and c4-opt2 is an instant loss (-2). While c4-opt3 offers a ++ boost, it fails the User's Usability priority. c4-opt1 is our only viable path: it keeps Maintainability at +1 and Usability at +3. Although Security hits 0, it satisfies all stakeholder minimums. We must choose c4-opt1 to survive.
[9:11:58 AM]   ✅ group decision: "Outsource E-Payment"
[9:11:58 AM]   ⚡ event: Malware in Advertisements — Use of 3rd party advertisement platforms impacts Security with (-).
[9:11:58 AM]   (no locked-in decision was banned by the event)
[9:11:58 AM] 
— concern 9/10: Static Content Delivery
[9:12:03 AM]   ✍️  Performance [Performance] → "3rd Party CDN"
[9:12:03 AM]   💬 Performance: Performance: proposing 3rd Party CDN.
[9:12:09 AM]   ✍️  Security [Security] → "3rd Party CDN"
[9:12:09 AM]   💬 Security: Security: proposing 3rd Party CDN.
[9:12:14 AM]   ✍️  Availability [Availability] → "3rd Party CDN"
[9:12:14 AM]   💬 Availability: Availability: proposing 3rd Party CDN.
[9:12:19 AM]   ✍️  Usability [Usability] → "3rd Party CDN"
[9:12:19 AM]   💬 Usability: Usability: proposing 3rd Party CDN.
[9:12:24 AM]   ✍️  Maintainability [Maintainability] → "Same Web Server"
[9:12:24 AM]   💬 Maintainability: Maintainability: proposing Same Web Server.
[9:12:28 AM]   💬 Performance: I cannot concede to "Same Web Server." A -1 to Performance, combined with our current +2, leaves us dangerously close to the User's priority of 2. "Self-Owned CDN" is a non-starter due to the -- Maintainability hit. I strongly advocate for "3rd Party CDN." It gives us the + Performance we need to exceed User requirements while only taking a -1 to Maintainability.
[9:12:32 AM]   💬 Security: I must strongly oppose "Same Web Server." While its ++ Maintainability is tempting, the - Performance hit brings us to +1, failing the User's priority of 2. We cannot lose on a stakeholder requirement. "3rd Party CDN" is our only viable path; it provides + Performance to satisfy the User and avoids the catastrophic -- Maintainability of a self-owned CDN. Let's choose c6-opt2.
[9:12:37 AM]   💬 Availability: I support the Security Champion's push for "3rd Party CDN" (c6-opt2). While I care about stability, "Same Web Server" risks a loss by dropping Performance to +1, failing the User's priority of 2. "Self-Owned CDN" is a death sentence for Maintainability (-3 total). c6-opt2 is the only balanced path: it protects Performance and keeps Maintainability at -1, which is still above the Owner's priority.
[9:12:42 AM]   💬 Usability: I agree with the Security and Availability Champions. We cannot risk "Same Web Server" because dropping Performance to +1 fails the User's priority of 2, causing an immediate loss. While "3rd Party CDN" (c6-opt2) hits Maintainability, it keeps Performance at +3, ensuring a snappy, usable experience. It is the only option that protects our performance threshold while avoiding the Maintainability co
[9:12:47 AM]   💬 Maintainability: I hear the Maintainability Champion's concern, but we cannot choose c6-opt3. Dropping Performance to +1 fails the User's priority of 2, causing an instant loss. c6-opt1 is a death sentence with a -- impact. I concede to c6-opt2 (3rd Party CDN). It's a -1 to Maintainability, but it keeps us at -1 total, which satisfies the Owner's priority of 1. Let's take the hit to stay viable.
[9:12:52 AM]   💬 Performance: I strongly support c6-opt2 (3rd Party CDN). We cannot choose c6-opt3; dropping Performance to +1 fails the User's priority of 2, causing an immediate loss. c6-opt1 is too dangerous for Maintainability. By selecting c6-opt2, we secure a +3 Performance score, exceeding User requirements, while keeping Maintainability at -1. Wait—I must correct myself: if Maintainability is -1, we fail the Owner's pr
[9:12:57 AM]   💬 Security: Wait, the Performance Champion is right to be alarmed. If we choose c6-opt2, Maintainability hits -1, which fails the Owner's priority of 1. We lose. We cannot choose c6-opt1 (Maintainability -3) or c6-opt2 (Maintainability -1). Our only path to satisfy the Owner is c6-opt3 (Maintainability ++). While it drops Performance to +1, we must check if we can survive that. Actually, we can't. We are stuc
[9:13:01 AM]   💬 Availability: We are in a deadlock. If we pick c6-opt2, Maintainability hits -1, failing the Owner's priority of 1. If we pick c6-opt3, Performance hits +1, failing the User's priority of 2. We cannot choose c6-opt1; it's a guaranteed loss. We must find a way to boost Maintainability or Performance in future decisions, but for now, we are mathematically trapped. We must reconsider our previous errors.
[9:13:06 AM]   💬 Usability: We are mathematically cornered. If we pick c6-opt2, Maintainability hits -1 (Owner priority 1). If we pick c6-opt3, Performance hits +1 (User priority 2). Both are instant losses. As Usability Champion, I cannot defend a system that fails its users or its owner. We must choose the "least bad" path and pray future decisions can recover these scores. I propose c6-opt2 to prioritize the User.
[9:13:10 AM]   💬 Maintainability: We are in a mathematical trap. c6-opt1 is a guaranteed loss (-3 Maintainability). If we pick c6-opt2, Maintainability hits -1, failing the Owner (Priority 1). If we pick c6-opt3, Performance hits +1, failing the User (Priority 2). I cannot defend a loss. We must choose c6-opt3 to save Maintainability and pray a future decision can restore Performance to +2.
[9:13:16 AM]   ✅ group decision: "Same Web Server"
[9:13:16 AM] 
— concern 10/10: Article Storage
[9:13:22 AM]   ✍️  Performance [Performance] → "Multiple Distributed Databases"
[9:13:22 AM]   💬 Performance: Performance: proposing Multiple Distributed Databases.
[9:13:27 AM]   ✍️  Security [Security] → "Multiple Distributed Databases"
[9:13:27 AM]   💬 Security: Security: proposing Multiple Distributed Databases.
[9:13:32 AM]   ✍️  Availability [Availability] → "Cloud Storage"
[9:13:32 AM]   💬 Availability: Availability: proposing Cloud Storage.
[9:13:37 AM]   ✍️  Usability [Usability] → "Cloud Storage"
[9:13:37 AM]   💬 Usability: Usability: proposing Cloud Storage.
[9:13:43 AM]   ✍️  Maintainability [Maintainability] → "Cloud Storage"
[9:13:43 AM]   💬 Maintainability: Maintainability: proposing Cloud Storage.
[9:13:47 AM]   💬 Performance: I must push for c1-opt1. While I acknowledge the Maintainability concerns, our current Security score is the real ticking time bomb. We have already taken three Security hits (Decisions 4, 5, and 8). Choosing c1-opt2 risks a negative Security score, causing an immediate loss. c1-opt1 gives us the Performance (+) we need while providing a vital Security (+) boost to keep us in the game.
[9:13:52 AM]   💬 Security: I cannot concede. We have already taken three Security hits (Decisions 4, 5, and 8). Our current Security score is +2. If we choose c1-opt2, we drop to +1. While that isn't a loss yet, we are playing with fire. c1-opt1 is the only choice that strengthens our defense (+1) while satisfying Performance and Availability. We must prioritize stability over Maintainability. Choose c1-opt1.
[9:13:56 AM]   💬 Availability: I must concede to the Security argument. While I favor Cloud Storage (c1-opt2) for its ++ Maintainability, we cannot ignore the risk. Our Security score is currently +2; c1-opt2 drops us to +1, while c1-opt1 raises us to +3. Since both options provide +1 to Availability, c1-opt1 is the safer architectural choice to prevent a catastrophic Security failure while still meeting the Owner's Availabilit
[9:14:01 AM]   💬 Usability: I concede to the Security and Performance arguments. While I want to protect Maintainability via c1-opt2 to ensure long-term system health, we cannot ignore the Security deficit. If we hit a negative score, the system's usability becomes irrelevant. c1-opt1 provides a +1 Security boost and +1 Performance, keeping us safe and meeting the User's high-priority needs. Let's choose c1-opt1 to stabilize
[9:14:05 AM]   💬 Maintainability: I strongly advocate for c1-opt2. Our Maintainability score is currently -2 (from decisions 1 and 4), putting us at high risk of losing. While Security is a concern, we have a +2 buffer. c1-opt2 provides ++ Maintainability, pulling us back to 0 and satisfying the Owner. c1-opt1's -1 penalty would leave us at -3, making us extremely vulnerable to any future negative impacts.
[9:14:10 AM]   💬 Performance: Maintainability is at -2, which is critical, but Security is our most volatile attribute with three hits already. If we pick c1-opt2, we drop Security to +1. While not an immediate loss, c1-opt1 gives us Performance (+) and Security (+), whereas c1-opt2 risks further erosion. I'll concede to c1-opt2 only if we are certain no more Security hits are coming. Otherwise, c1-opt1 is the safer performanc
[9:14:14 AM]   💬 Security: Maintainability is at -2, which is a critical failure risk, but Security is our most volatile attribute. We have three hits already. If we choose c1-opt2, Security drops to +1. While not an immediate loss, c1-opt1 provides a +1 Security boost and +1 Performance, whereas c1-opt2 risks further erosion. I cannot concede to c1-opt2; we must choose c1-opt1 to stabilize our security posture.
[9:14:19 AM]   💬 Availability: I must concede to the Security and Maintainability arguments. While I initially pushed for c1-opt2 to boost Maintainability, our Maintainability is currently at -2. Choosing c1-opt1 would drop us to -3, causing an immediate loss. Although c1-opt1 is safer for Security, we cannot survive a negative Maintainability score. We must choose c1-opt2 to bring Maintainability back to 0 and stay in the game
[9:14:23 AM]   💬 Usability: I must concede. While I want to maximize Usability, my primary duty is to prevent a loss. We cannot ignore that Maintainability is at -2; choosing c1-opt1 would drop us to -3, resulting in an immediate loss. Even though c1-opt2 risks our Security buffer, it is the only viable path to bring Maintainability back to 0 and keep the project alive. We must choose c1-opt2.
[9:14:27 AM]   💬 Maintainability: I cannot defend c1-opt1. While Security is volatile, a score of +1 is still above the zero-loss threshold and satisfies the Owner's priority (0). However, choosing c1-opt1 drops Maintainability to -3, which is an immediate, catastrophic loss. We must choose c1-opt2. It brings Maintainability back to 0, keeping us in the game while leaving us with a +1 Security buffer.
[9:14:33 AM]   ✅ group decision: "Cloud Storage"
[9:14:33 AM] 
✅ DONE — grade=Lost score=14 | energy=21228.2 J | time=764.8 s | in=238355 out=17202 tok | calls=160
[9:14:33 AM]    saved results/google_gemma-4-26B-A4B-it__debate__run0__2026-06-22T09-14-33-407Z.json (+ summary.csv)
